<?xml version="1.0" encoding="utf-8"?>
<ColumnMapping xmlns:xsd="http://www.w3.org/2001/XMLSchema" xmlns:xsi="http://www.w3.org/2001/XMLSchema-instance" xmlns="www.awoo.co.kr">
  <ColumnMappingInfo>
    <IsKeyColumn>false</IsKeyColumn>
    <SourceFieldName />
    <SourceCaption />
    <TargetFieldName>ID</TargetFieldName>
    <TargetCaption>ID</TargetCaption>
    <FillPreviousValueWhenNull>false</FillPreviousValueWhenNull>
  </ColumnMappingInfo>
  <ColumnMappingInfo>
    <IsKeyColumn>false</IsKeyColumn>
    <SourceFieldName>Date</SourceFieldName>
    <SourceCaption>Date</SourceCaption>
    <TargetFieldName>Date</TargetFieldName>
    <TargetCaption>Date</TargetCaption>
    <FillPreviousValueWhenNull>false</FillPreviousValueWhenNull>
  </ColumnMappingInfo>
  <ColumnMappingInfo>
    <IsKeyColumn>false</IsKeyColumn>
    <SourceFieldName>Shift</SourceFieldName>
    <SourceCaption>Shift</SourceCaption>
    <TargetFieldName>Shift</TargetFieldName>
    <TargetCaption>Shift</TargetCaption>
    <FillPreviousValueWhenNull>false</FillPreviousValueWhenNull>
  </ColumnMappingInfo>
  <ColumnMappingInfo>
    <IsKeyColumn>false</IsKeyColumn>
    <SourceFieldName>Person</SourceFieldName>
    <SourceCaption>Person</SourceCaption>
    <TargetFieldName>Person</TargetFieldName>
    <TargetCaption>Person</TargetCaption>
    <FillPreviousValueWhenNull>false</FillPreviousValueWhenNull>
  </ColumnMappingInfo>
  <ColumnMappingInfo>
    <IsKeyColumn>false</IsKeyColumn>
    <SourceFieldName>Vendor</SourceFieldName>
    <SourceCaption>Vendor</SourceCaption>
    <TargetFieldName>Vendor</TargetFieldName>
    <TargetCaption>VENDOR</TargetCaption>
    <FillPreviousValueWhenNull>false</FillPreviousValueWhenNull>
  </ColumnMappingInfo>
  <ColumnMappingInfo>
    <IsKeyColumn>false</IsKeyColumn>
    <SourceFieldName>Factory</SourceFieldName>
    <SourceCaption>Factory</SourceCaption>
    <TargetFieldName>Factory</TargetFieldName>
    <TargetCaption>Factory</TargetCaption>
    <FillPreviousValueWhenNull>false</FillPreviousValueWhenNull>
  </ColumnMappingInfo>
  <ColumnMappingInfo>
    <IsKeyColumn>false</IsKeyColumn>
    <SourceFieldName>Marterial</SourceFieldName>
    <SourceCaption>Marterial</SourceCaption>
    <TargetFieldName>MaterialCode</TargetFieldName>
    <TargetCaption>Material Code</TargetCaption>
    <FillPreviousValueWhenNull>false</FillPreviousValueWhenNull>
  </ColumnMappingInfo>
  <ColumnMappingInfo>
    <IsKeyColumn>false</IsKeyColumn>
    <SourceFieldName>Invoice</SourceFieldName>
    <SourceCaption>Invoice</SourceCaption>
    <TargetFieldName>Invoice</TargetFieldName>
    <TargetCaption>Invoice</TargetCaption>
    <FillPreviousValueWhenNull>false</FillPreviousValueWhenNull>
  </ColumnMappingInfo>
  <ColumnMappingInfo>
    <IsKeyColumn>false</IsKeyColumn>
    <SourceFieldName>Lot no</SourceFieldName>
    <SourceCaption>Lot no</SourceCaption>
    <TargetFieldName>LotNo</TargetFieldName>
    <TargetCaption>LotNo</TargetCaption>
    <FillPreviousValueWhenNull>false</FillPreviousValueWhenNull>
  </ColumnMappingInfo>
  <ColumnMappingInfo>
    <IsKeyColumn>false</IsKeyColumn>
    <SourceFieldName>Q'Ty Check</SourceFieldName>
    <SourceCaption>Q'Ty Check</SourceCaption>
    <TargetFieldName>QtyCheck</TargetFieldName>
    <TargetCaption>Qty Check</TargetCaption>
    <FillPreviousValueWhenNull>false</FillPreviousValueWhenNull>
  </ColumnMappingInfo>
  <ColumnMappingInfo>
    <IsKeyColumn>false</IsKeyColumn>
    <SourceFieldName>Q'ty OK</SourceFieldName>
    <SourceCaption>Q'ty OK</SourceCaption>
    <TargetFieldName>QtyOK</TargetFieldName>
    <TargetCaption>QtyOK</TargetCaption>
    <FillPreviousValueWhenNull>false</FillPreviousValueWhenNull>
  </ColumnMappingInfo>
  <ColumnMappingInfo>
    <IsKeyColumn>false</IsKeyColumn>
    <SourceFieldName>Burr</SourceFieldName>
    <SourceCaption>Burr</SourceCaption>
    <TargetFieldName>Burr</TargetFieldName>
    <TargetCaption>Burr</TargetCaption>
    <FillPreviousValueWhenNull>false</FillPreviousValueWhenNull>
  </ColumnMappingInfo>
  <ColumnMappingInfo>
    <IsKeyColumn>false</IsKeyColumn>
    <SourceFieldName>Mẻ
Dent</SourceFieldName>
    <SourceCaption>Mẻ
Dent</SourceCaption>
    <TargetFieldName>Dent</TargetFieldName>
    <TargetCaption>Dent</TargetCaption>
    <FillPreviousValueWhenNull>false</FillPreviousValueWhenNull>
  </ColumnMappingInfo>
  <ColumnMappingInfo>
    <IsKeyColumn>false</IsKeyColumn>
    <SourceFieldName>Móp
Deform</SourceFieldName>
    <SourceCaption>Móp
Deform</SourceCaption>
    <TargetFieldName>Deform</TargetFieldName>
    <TargetCaption>Deform</TargetCaption>
    <FillPreviousValueWhenNull>false</FillPreviousValueWhenNull>
  </ColumnMappingInfo>
  <ColumnMappingInfo>
    <IsKeyColumn>false</IsKeyColumn>
    <SourceFieldName>Xước
Scratch</SourceFieldName>
    <SourceCaption>Xước
Scratch</SourceCaption>
    <TargetFieldName>Scratch</TargetFieldName>
    <TargetCaption>Scratch</TargetCaption>
    <FillPreviousValueWhenNull>false</FillPreviousValueWhenNull>
  </ColumnMappingInfo>
  <ColumnMappingInfo>
    <IsKeyColumn>false</IsKeyColumn>
    <SourceFieldName>Bong mạ
NG Plating</SourceFieldName>
    <SourceCaption>Bong mạ
NG Plating</SourceCaption>
    <TargetFieldName>NGPlating</TargetFieldName>
    <TargetCaption>NG Plating</TargetCaption>
    <FillPreviousValueWhenNull>false</FillPreviousValueWhenNull>
  </ColumnMappingInfo>
  <ColumnMappingInfo>
    <IsKeyColumn>false</IsKeyColumn>
    <SourceFieldName>Sần
Rough face</SourceFieldName>
    <SourceCaption>Sần
Rough face</SourceCaption>
    <TargetFieldName>RoughFace</TargetFieldName>
    <TargetCaption>Rough Face</TargetCaption>
    <FillPreviousValueWhenNull>false</FillPreviousValueWhenNull>
  </ColumnMappingInfo>
  <ColumnMappingInfo>
    <IsKeyColumn>false</IsKeyColumn>
    <SourceFieldName>Bẩn
Dirty</SourceFieldName>
    <SourceCaption>Bẩn
Dirty</SourceCaption>
    <TargetFieldName>Dirty</TargetFieldName>
    <TargetCaption>Dirty</TargetCaption>
    <FillPreviousValueWhenNull>false</FillPreviousValueWhenNull>
  </ColumnMappingInfo>
  <ColumnMappingInfo>
    <IsKeyColumn>false</IsKeyColumn>
    <SourceFieldName>Lõm đáy
Dent Bottom</SourceFieldName>
    <SourceCaption>Lõm đáy
Dent Bottom</SourceCaption>
    <TargetFieldName>DentBottom</TargetFieldName>
    <TargetCaption>Dent Bottom</TargetCaption>
    <FillPreviousValueWhenNull>false</FillPreviousValueWhenNull>
  </ColumnMappingInfo>
  <ColumnMappingInfo>
    <IsKeyColumn>false</IsKeyColumn>
    <SourceFieldName>Biến sắc
Discolor</SourceFieldName>
    <SourceCaption>Biến sắc
Discolor</SourceCaption>
    <TargetFieldName>Discolor</TargetFieldName>
    <TargetCaption>Discolor</TargetCaption>
    <FillPreviousValueWhenNull>false</FillPreviousValueWhenNull>
  </ColumnMappingInfo>
  <ColumnMappingInfo>
    <IsKeyColumn>false</IsKeyColumn>
    <SourceFieldName>Lỗi khác
Other</SourceFieldName>
    <SourceCaption>Lỗi khác
Other</SourceCaption>
    <TargetFieldName>OtherError</TargetFieldName>
    <TargetCaption>Other Error</TargetCaption>
    <FillPreviousValueWhenNull>false</FillPreviousValueWhenNull>
  </ColumnMappingInfo>
  <ColumnMappingInfo>
    <IsKeyColumn>false</IsKeyColumn>
    <SourceFieldName>Total</SourceFieldName>
    <SourceCaption>Total</SourceCaption>
    <TargetFieldName>Total</TargetFieldName>
    <TargetCaption>Total</TargetCaption>
    <FillPreviousValueWhenNull>false</FillPreviousValueWhenNull>
  </ColumnMappingInfo>
  <ColumnMappingInfo>
    <IsKeyColumn>false</IsKeyColumn>
    <SourceFieldName>Note</SourceFieldName>
    <SourceCaption>Note</SourceCaption>
    <TargetFieldName>Note</TargetFieldName>
    <TargetCaption>Note</TargetCaption>
    <FillPreviousValueWhenNull>false</FillPreviousValueWhenNull>
  </ColumnMappingInfo>
  <ColumnMappingInfo>
    <IsKeyColumn>false</IsKeyColumn>
    <SourceFieldName />
    <SourceCaption />
    <TargetFieldName>Status</TargetFieldName>
    <TargetCaption>Status</TargetCaption>
    <FillPreviousValueWhenNull>false</FillPreviousValueWhenNull>
  </ColumnMappingInfo>
</ColumnMapping>